============================= test session starts ==============================
platform darwin -- Python 3.13.11, pytest-9.0.2, pluggy-1.6.0 -- /Users/ruben/Code/competitie-planner.nl/competitie-planner.nl/backend/.venv/bin/python
cachedir: .pytest_cache
rootdir: /Users/ruben/Code/competitie-planner.nl/competitie-planner.nl/backend
configfile: pyproject.toml
plugins: cov-7.1.0, asyncio-1.3.0, Faker-40.12.0, anyio-4.13.0
asyncio: mode=Mode.AUTO, debug=False, asyncio_default_fixture_loop_scope=function, asyncio_default_test_loop_scope=function
collecting ... collected 1 item

tests/test_auth.py::TestLogin::test_login_success 2026-04-06 22:27:41,761 INFO sqlalchemy.engine.Engine select pg_catalog.version()
2026-04-06 22:27:41,761 INFO sqlalchemy.engine.Engine [raw sql] ()
2026-04-06 22:27:41,763 INFO sqlalchemy.engine.Engine select current_schema()
2026-04-06 22:27:41,763 INFO sqlalchemy.engine.Engine [raw sql] ()
2026-04-06 22:27:41,764 INFO sqlalchemy.engine.Engine show standard_conforming_strings
2026-04-06 22:27:41,764 INFO sqlalchemy.engine.Engine [raw sql] ()
2026-04-06 22:27:41,766 INFO sqlalchemy.engine.Engine BEGIN (implicit)
2026-04-06 22:27:41,766 INFO sqlalchemy.engine.Engine COMMIT
2026-04-06 22:27:42,615 INFO sqlalchemy.engine.Engine BEGIN (implicit)
2026-04-06 22:27:42,617 INFO sqlalchemy.engine.Engine INSERT INTO users (id, club_id, email, password_hash, full_name, role, is_superadmin, is_active, email_opt_out, onboarding_completed, failed_login_attempts, locked_until, last_login, created_at, updated_at) VALUES ($1::UUID, $2::UUID, $3::VARCHAR, $4::VARCHAR, $5::VARCHAR, $6::VARCHAR, $7::BOOLEAN, $8::BOOLEAN, $9::BOOLEAN, $10::BOOLEAN, $11::SMALLINT, $12::TIMESTAMP WITHOUT TIME ZONE, $13::TIMESTAMP WITHOUT TIME ZONE, $14::TIMESTAMP WITHOUT TIME ZONE, $15::TIMESTAMP WITHOUT TIME ZONE)
2026-04-06 22:27:42,617 INFO sqlalchemy.engine.Engine [generated in 0.00023s] (UUID('04fe3dd0-1159-49c0-b956-09a941d14f14'), None, 'superadmin@test.nl', '$2b$12$i06ZARucfHtb7T9hesZJIufeyZQuILGfcqL/PjQARnRC66f7gsvgu', 'Super Admin', 'admin', True, True, False, False, 0, None, None, datetime.datetime(2026, 4, 6, 20, 27, 42, 617504), datetime.datetime(2026, 4, 6, 20, 27, 42, 617510))
2026-04-06 22:27:42,620 INFO sqlalchemy.engine.Engine ROLLBACK
ERROR

==================================== ERRORS ====================================
________________ ERROR at setup of TestLogin.test_login_success ________________

self = <sqlalchemy.dialects.postgresql.asyncpg.AsyncAdapt_asyncpg_cursor object at 0x10a8ed120>
operation = 'INSERT INTO users (id, club_id, email, password_hash, full_name, role, is_superadmin, is_active, email_opt_out, onboa...THOUT TIME ZONE, $13::TIMESTAMP WITHOUT TIME ZONE, $14::TIMESTAMP WITHOUT TIME ZONE, $15::TIMESTAMP WITHOUT TIME ZONE)'
parameters = (UUID('04fe3dd0-1159-49c0-b956-09a941d14f14'), None, 'superadmin@test.nl', '$2b$12$i06ZARucfHtb7T9hesZJIufeyZQuILGfcqL/PjQARnRC66f7gsvgu', 'Super Admin', 'admin', ...)

    async def _prepare_and_execute(self, operation, parameters):
        adapt_connection = self._adapt_connection
    
        async with adapt_connection._execute_mutex:
            if not adapt_connection._started:
                await adapt_connection._start_transaction()
    
            if parameters is None:
                parameters = ()
    
            try:
                prepared_stmt, attributes = await adapt_connection._prepare(
                    operation, self._invalidate_schema_cache_asof
                )
    
                if attributes:
                    self.description = [
                        (
                            attr.name,
                            attr.type.oid,
                            None,
                            None,
                            None,
                            None,
                            None,
                        )
                        for attr in attributes
                    ]
                else:
                    self.description = None
    
                if self.server_side:
                    self._cursor = await prepared_stmt.cursor(*parameters)
                    self.rowcount = -1
                else:
>                   self._rows = deque(await prepared_stmt.fetch(*parameters))
                                       ^^^^^^^^^^^^^^^^^^^^^^^^^^^^^^^^^^^^^^

.venv/lib/python3.13/site-packages/sqlalchemy/dialects/postgresql/asyncpg.py:550: 
_ _ _ _ _ _ _ _ _ _ _ _ _ _ _ _ _ _ _ _ _ _ _ _ _ _ _ _ _ _ _ _ _ _ _ _ _ _ _ _ 
.venv/lib/python3.13/site-packages/asyncpg/prepared_stmt.py:177: in fetch
    data = await self.__bind_execute(args, 0, timeout)
           ^^^^^^^^^^^^^^^^^^^^^^^^^^^^^^^^^^^^^^^^^^^
.venv/lib/python3.13/site-packages/asyncpg/prepared_stmt.py:268: in __bind_execute
    data, status, _ = await self.__do_execute(
.venv/lib/python3.13/site-packages/asyncpg/prepared_stmt.py:257: in __do_execute
    return await executor(protocol)
           ^^^^^^^^^^^^^^^^^^^^^^^^
_ _ _ _ _ _ _ _ _ _ _ _ _ _ _ _ _ _ _ _ _ _ _ _ _ _ _ _ _ _ _ _ _ _ _ _ _ _ _ _ 

>   ???
E   asyncpg.exceptions.UniqueViolationError: duplicate key value violates unique constraint "users_email_key"
E   DETAIL:  Key (email)=(superadmin@test.nl) already exists.

asyncpg/protocol/protocol.pyx:205: UniqueViolationError

The above exception was the direct cause of the following exception:

self = <sqlalchemy.engine.base.Connection object at 0x10a7a2e90>
dialect = <sqlalchemy.dialects.postgresql.asyncpg.PGDialect_asyncpg object at 0x108d44410>
context = <sqlalchemy.dialects.postgresql.asyncpg.PGExecutionContext_asyncpg object at 0x10a95c2b0>
statement = <sqlalchemy.dialects.postgresql.asyncpg.PGCompiler_asyncpg object at 0x10a81cec0>
parameters = [(UUID('04fe3dd0-1159-49c0-b956-09a941d14f14'), None, 'superadmin@test.nl', '$2b$12$i06ZARucfHtb7T9hesZJIufeyZQuILGfcqL/PjQARnRC66f7gsvgu', 'Super Admin', 'admin', ...)]

    def _exec_single_context(
        self,
        dialect: Dialect,
        context: ExecutionContext,
        statement: Union[str, Compiled],
        parameters: Optional[_AnyMultiExecuteParams],
    ) -> CursorResult[Any]:
        """continue the _execute_context() method for a single DBAPI
        cursor.execute() or cursor.executemany() call.
    
        """
        if dialect.bind_typing is BindTyping.SETINPUTSIZES:
            generic_setinputsizes = context._prepare_set_input_sizes()
    
            if generic_setinputsizes:
                try:
                    dialect.do_set_input_sizes(
                        context.cursor, generic_setinputsizes, context
                    )
                except BaseException as e:
                    self._handle_dbapi_exception(
                        e, str(statement), parameters, None, context
                    )
    
        cursor, str_statement, parameters = (
            context.cursor,
            context.statement,
            context.parameters,
        )
    
        effective_parameters: Optional[_AnyExecuteParams]
    
        if not context.executemany:
            effective_parameters = parameters[0]
        else:
            effective_parameters = parameters
    
        if self._has_events or self.engine._has_events:
            for fn in self.dispatch.before_cursor_execute:
                str_statement, effective_parameters = fn(
                    self,
                    cursor,
                    str_statement,
                    effective_parameters,
                    context,
                    context.executemany,
                )
    
        if self._echo:
            self._log_info(str_statement)
    
            stats = context._get_cache_stats()
    
            if not self.engine.hide_parameters:
                self._log_info(
                    "[%s] %r",
                    stats,
                    sql_util._repr_params(
                        effective_parameters,
                        batches=10,
                        ismulti=context.executemany,
                    ),
                )
            else:
                self._log_info(
                    "[%s] [SQL parameters hidden due to hide_parameters=True]",
                    stats,
                )
    
        evt_handled: bool = False
        try:
            if context.execute_style is ExecuteStyle.EXECUTEMANY:
                effective_parameters = cast(
                    "_CoreMultiExecuteParams", effective_parameters
                )
                if self.dialect._has_events:
                    for fn in self.dialect.dispatch.do_executemany:
                        if fn(
                            cursor,
                            str_statement,
                            effective_parameters,
                            context,
                        ):
                            evt_handled = True
                            break
                if not evt_handled:
                    self.dialect.do_executemany(
                        cursor,
                        str_statement,
                        effective_parameters,
                        context,
                    )
            elif not effective_parameters and context.no_parameters:
                if self.dialect._has_events:
                    for fn in self.dialect.dispatch.do_execute_no_params:
                        if fn(cursor, str_statement, context):
                            evt_handled = True
                            break
                if not evt_handled:
                    self.dialect.do_execute_no_params(
                        cursor, str_statement, context
                    )
            else:
                effective_parameters = cast(
                    "_CoreSingleExecuteParams", effective_parameters
                )
                if self.dialect._has_events:
                    for fn in self.dialect.dispatch.do_execute:
                        if fn(
                            cursor,
                            str_statement,
                            effective_parameters,
                            context,
                        ):
                            evt_handled = True
                            break
                if not evt_handled:
>                   self.dialect.do_execute(
                        cursor, str_statement, effective_parameters, context
                    )

.venv/lib/python3.13/site-packages/sqlalchemy/engine/base.py:1967: 
_ _ _ _ _ _ _ _ _ _ _ _ _ _ _ _ _ _ _ _ _ _ _ _ _ _ _ _ _ _ _ _ _ _ _ _ _ _ _ _ 
.venv/lib/python3.13/site-packages/sqlalchemy/engine/default.py:952: in do_execute
    cursor.execute(statement, parameters)
.venv/lib/python3.13/site-packages/sqlalchemy/dialects/postgresql/asyncpg.py:585: in execute
    self._adapt_connection.await_(
.venv/lib/python3.13/site-packages/sqlalchemy/util/_concurrency_py3k.py:132: in await_only
    return current.parent.switch(awaitable)  # type: ignore[no-any-return,attr-defined] # noqa: E501
           ^^^^^^^^^^^^^^^^^^^^^^^^^^^^^^^^
.venv/lib/python3.13/site-packages/sqlalchemy/util/_concurrency_py3k.py:196: in greenlet_spawn
    value = await result
            ^^^^^^^^^^^^
.venv/lib/python3.13/site-packages/sqlalchemy/dialects/postgresql/asyncpg.py:563: in _prepare_and_execute
    self._handle_exception(error)
.venv/lib/python3.13/site-packages/sqlalchemy/dialects/postgresql/asyncpg.py:513: in _handle_exception
    self._adapt_connection._handle_exception(error)
_ _ _ _ _ _ _ _ _ _ _ _ _ _ _ _ _ _ _ _ _ _ _ _ _ _ _ _ _ _ _ _ _ _ _ _ _ _ _ _ 

self = <AdaptedConnection <asyncpg.connection.Connection object at 0x10904cb90>>
error = UniqueViolationError('duplicate key value violates unique constraint "users_email_key"')

    def _handle_exception(self, error):
        if self._connection.is_closed():
            self._transaction = None
            self._started = False
    
        if not isinstance(error, AsyncAdapt_asyncpg_dbapi.Error):
            exception_mapping = self.dbapi._asyncpg_error_translate
    
            for super_ in type(error).__mro__:
                if super_ in exception_mapping:
                    translated_error = exception_mapping[super_](
                        "%s: %s" % (type(error), error)
                    )
                    translated_error.pgcode = translated_error.sqlstate = (
                        getattr(error, "sqlstate", None)
                    )
>                   raise translated_error from error
E                   sqlalchemy.dialects.postgresql.asyncpg.AsyncAdapt_asyncpg_dbapi.IntegrityError: <class 'asyncpg.exceptions.UniqueViolationError'>: duplicate key value violates unique constraint "users_email_key"
E                   DETAIL:  Key (email)=(superadmin@test.nl) already exists.

.venv/lib/python3.13/site-packages/sqlalchemy/dialects/postgresql/asyncpg.py:797: IntegrityError

The above exception was the direct cause of the following exception:

self = <Coroutine test_login_success>

    def setup(self) -> None:
        runner_fixture_id = f"_{self._loop_scope}_scoped_runner"
        if runner_fixture_id not in self.fixturenames:
            self.fixturenames.append(runner_fixture_id)
>       return super().setup()
               ^^^^^^^^^^^^^^^

.venv/lib/python3.13/site-packages/pytest_asyncio/plugin.py:458: 
_ _ _ _ _ _ _ _ _ _ _ _ _ _ _ _ _ _ _ _ _ _ _ _ _ _ _ _ _ _ _ _ _ _ _ _ _ _ _ _ 
.venv/lib/python3.13/site-packages/pytest_asyncio/plugin.py:743: in pytest_fixture_setup
    hook_result = yield
                  ^^^^^
.venv/lib/python3.13/site-packages/pytest_asyncio/plugin.py:361: in _async_fixture_wrapper
    result = runner.run(setup(), context=context)
             ^^^^^^^^^^^^^^^^^^^^^^^^^^^^^^^^^^^^
../../../../.local/share/uv/python/cpython-3.13.11-macos-aarch64-none/lib/python3.13/asyncio/runners.py:118: in run
    return self._loop.run_until_complete(task)
           ^^^^^^^^^^^^^^^^^^^^^^^^^^^^^^^^^^^
../../../../.local/share/uv/python/cpython-3.13.11-macos-aarch64-none/lib/python3.13/asyncio/base_events.py:725: in run_until_complete
    return future.result()
           ^^^^^^^^^^^^^^^
.venv/lib/python3.13/site-packages/pytest_asyncio/plugin.py:357: in setup
    res = await fixture_function(*args, **kwargs)
          ^^^^^^^^^^^^^^^^^^^^^^^^^^^^^^^^^^^^^^^
tests/conftest.py:150: in superadmin_user
    await db_session.commit()
.venv/lib/python3.13/site-packages/sqlalchemy/ext/asyncio/session.py:1000: in commit
    await greenlet_spawn(self.sync_session.commit)
.venv/lib/python3.13/site-packages/sqlalchemy/util/_concurrency_py3k.py:203: in greenlet_spawn
    result = context.switch(value)
             ^^^^^^^^^^^^^^^^^^^^^
.venv/lib/python3.13/site-packages/sqlalchemy/orm/session.py:2030: in commit
    trans.commit(_to_root=True)
.venv/lib/python3.13/site-packages/sqlalchemy/orm/state_changes.py:137: in _go
    ret_value = fn(self, *arg, **kw)
                ^^^^^^^^^^^^^^^^^^^^
.venv/lib/python3.13/site-packages/sqlalchemy/orm/session.py:1311: in commit
    self._prepare_impl()
.venv/lib/python3.13/site-packages/sqlalchemy/orm/state_changes.py:137: in _go
    ret_value = fn(self, *arg, **kw)
                ^^^^^^^^^^^^^^^^^^^^
.venv/lib/python3.13/site-packages/sqlalchemy/orm/session.py:1286: in _prepare_impl
    self.session.flush()
.venv/lib/python3.13/site-packages/sqlalchemy/orm/session.py:4331: in flush
    self._flush(objects)
.venv/lib/python3.13/site-packages/sqlalchemy/orm/session.py:4466: in _flush
    with util.safe_reraise():
         ^^^^^^^^^^^^^^^^^^^
.venv/lib/python3.13/site-packages/sqlalchemy/util/langhelpers.py:121: in __exit__
    raise exc_value.with_traceback(exc_tb)
.venv/lib/python3.13/site-packages/sqlalchemy/orm/session.py:4427: in _flush
    flush_context.execute()
.venv/lib/python3.13/site-packages/sqlalchemy/orm/unitofwork.py:466: in execute
    rec.execute(self)
.venv/lib/python3.13/site-packages/sqlalchemy/orm/unitofwork.py:642: in execute
    util.preloaded.orm_persistence.save_obj(
.venv/lib/python3.13/site-packages/sqlalchemy/orm/persistence.py:93: in save_obj
    _emit_insert_statements(
.venv/lib/python3.13/site-packages/sqlalchemy/orm/persistence.py:1048: in _emit_insert_statements
    result = connection.execute(
.venv/lib/python3.13/site-packages/sqlalchemy/engine/base.py:1419: in execute
    return meth(
.venv/lib/python3.13/site-packages/sqlalchemy/sql/elements.py:527: in _execute_on_connection
    return connection._execute_clauseelement(
.venv/lib/python3.13/site-packages/sqlalchemy/engine/base.py:1641: in _execute_clauseelement
    ret = self._execute_context(
.venv/lib/python3.13/site-packages/sqlalchemy/engine/base.py:1846: in _execute_context
    return self._exec_single_context(
.venv/lib/python3.13/site-packages/sqlalchemy/engine/base.py:1986: in _exec_single_context
    self._handle_dbapi_exception(
.venv/lib/python3.13/site-packages/sqlalchemy/engine/base.py:2363: in _handle_dbapi_exception
    raise sqlalchemy_exception.with_traceback(exc_info[2]) from e
.venv/lib/python3.13/site-packages/sqlalchemy/engine/base.py:1967: in _exec_single_context
    self.dialect.do_execute(
.venv/lib/python3.13/site-packages/sqlalchemy/engine/default.py:952: in do_execute
    cursor.execute(statement, parameters)
.venv/lib/python3.13/site-packages/sqlalchemy/dialects/postgresql/asyncpg.py:585: in execute
    self._adapt_connection.await_(
.venv/lib/python3.13/site-packages/sqlalchemy/util/_concurrency_py3k.py:132: in await_only
    return current.parent.switch(awaitable)  # type: ignore[no-any-return,attr-defined] # noqa: E501
           ^^^^^^^^^^^^^^^^^^^^^^^^^^^^^^^^
.venv/lib/python3.13/site-packages/sqlalchemy/util/_concurrency_py3k.py:196: in greenlet_spawn
    value = await result
            ^^^^^^^^^^^^
.venv/lib/python3.13/site-packages/sqlalchemy/dialects/postgresql/asyncpg.py:563: in _prepare_and_execute
    self._handle_exception(error)
.venv/lib/python3.13/site-packages/sqlalchemy/dialects/postgresql/asyncpg.py:513: in _handle_exception
    self._adapt_connection._handle_exception(error)
_ _ _ _ _ _ _ _ _ _ _ _ _ _ _ _ _ _ _ _ _ _ _ _ _ _ _ _ _ _ _ _ _ _ _ _ _ _ _ _ 

self = <AdaptedConnection <asyncpg.connection.Connection object at 0x10904cb90>>
error = UniqueViolationError('duplicate key value violates unique constraint "users_email_key"')

    def _handle_exception(self, error):
        if self._connection.is_closed():
            self._transaction = None
            self._started = False
    
        if not isinstance(error, AsyncAdapt_asyncpg_dbapi.Error):
            exception_mapping = self.dbapi._asyncpg_error_translate
    
            for super_ in type(error).__mro__:
                if super_ in exception_mapping:
                    translated_error = exception_mapping[super_](
                        "%s: %s" % (type(error), error)
                    )
                    translated_error.pgcode = translated_error.sqlstate = (
                        getattr(error, "sqlstate", None)
                    )
>                   raise translated_error from error
E                   sqlalchemy.exc.IntegrityError: (sqlalchemy.dialects.postgresql.asyncpg.IntegrityError) <class 'asyncpg.exceptions.UniqueViolationError'>: duplicate key value violates unique constraint "users_email_key"
E                   DETAIL:  Key (email)=(superadmin@test.nl) already exists.
E                   [SQL: INSERT INTO users (id, club_id, email, password_hash, full_name, role, is_superadmin, is_active, email_opt_out, onboarding_completed, failed_login_attempts, locked_until, last_login, created_at, updated_at) VALUES ($1::UUID, $2::UUID, $3::VARCHAR, $4::VARCHAR, $5::VARCHAR, $6::VARCHAR, $7::BOOLEAN, $8::BOOLEAN, $9::BOOLEAN, $10::BOOLEAN, $11::SMALLINT, $12::TIMESTAMP WITHOUT TIME ZONE, $13::TIMESTAMP WITHOUT TIME ZONE, $14::TIMESTAMP WITHOUT TIME ZONE, $15::TIMESTAMP WITHOUT TIME ZONE)]
E                   [parameters: (UUID('04fe3dd0-1159-49c0-b956-09a941d14f14'), None, 'superadmin@test.nl', '$2b$12$i06ZARucfHtb7T9hesZJIufeyZQuILGfcqL/PjQARnRC66f7gsvgu', 'Super Admin', 'admin', True, True, False, False, 0, None, None, datetime.datetime(2026, 4, 6, 20, 27, 42, 617504), datetime.datetime(2026, 4, 6, 20, 27, 42, 617510))]
E                   (Background on this error at: https://sqlalche.me/e/20/gkpj)

.venv/lib/python3.13/site-packages/sqlalchemy/dialects/postgresql/asyncpg.py:797: IntegrityError
------------------------------ Captured log setup ------------------------------
INFO     sqlalchemy.engine.Engine:base.py:1846 select pg_catalog.version()
INFO     sqlalchemy.engine.Engine:base.py:1846 [raw sql] ()
INFO     sqlalchemy.engine.Engine:base.py:1846 select current_schema()
INFO     sqlalchemy.engine.Engine:base.py:1846 [raw sql] ()
INFO     sqlalchemy.engine.Engine:base.py:1846 show standard_conforming_strings
INFO     sqlalchemy.engine.Engine:base.py:1846 [raw sql] ()
INFO     sqlalchemy.engine.Engine:base.py:2710 BEGIN (implicit)
INFO     sqlalchemy.engine.Engine:base.py:2716 COMMIT
INFO     sqlalchemy.engine.Engine:base.py:2710 BEGIN (implicit)
INFO     sqlalchemy.engine.Engine:base.py:1846 INSERT INTO users (id, club_id, email, password_hash, full_name, role, is_superadmin, is_active, email_opt_out, onboarding_completed, failed_login_attempts, locked_until, last_login, created_at, updated_at) VALUES ($1::UUID, $2::UUID, $3::VARCHAR, $4::VARCHAR, $5::VARCHAR, $6::VARCHAR, $7::BOOLEAN, $8::BOOLEAN, $9::BOOLEAN, $10::BOOLEAN, $11::SMALLINT, $12::TIMESTAMP WITHOUT TIME ZONE, $13::TIMESTAMP WITHOUT TIME ZONE, $14::TIMESTAMP WITHOUT TIME ZONE, $15::TIMESTAMP WITHOUT TIME ZONE)
INFO     sqlalchemy.engine.Engine:base.py:1846 [generated in 0.00023s] (UUID('04fe3dd0-1159-49c0-b956-09a941d14f14'), None, 'superadmin@test.nl', '$2b$12$i06ZARucfHtb7T9hesZJIufeyZQuILGfcqL/PjQARnRC66f7gsvgu', 'Super Admin', 'admin', True, True, False, False, 0, None, None, datetime.datetime(2026, 4, 6, 20, 27, 42, 617504), datetime.datetime(2026, 4, 6, 20, 27, 42, 617510))
INFO     sqlalchemy.engine.Engine:base.py:2713 ROLLBACK
=============================== warnings summary ===============================
tests/test_auth.py::TestLogin::test_login_success
tests/test_auth.py::TestLogin::test_login_success
  /Users/ruben/Code/competitie-planner.nl/competitie-planner.nl/backend/.venv/lib/python3.13/site-packages/sqlalchemy/sql/schema.py:3624: DeprecationWarning: datetime.datetime.utcnow() is deprecated and scheduled for removal in a future version. Use timezone-aware objects to represent datetimes in UTC: datetime.datetime.now(datetime.UTC).
    return util.wrap_callable(lambda ctx: fn(), fn)  # type: ignore

-- Docs: https://docs.pytest.org/en/stable/how-to/capture-warnings.html
=========================== short test summary info ============================
ERROR tests/test_auth.py::TestLogin::test_login_success - sqlalchemy.exc.Inte...
========================= 2 warnings, 1 error in 1.34s =========================
